Yeah, sum is five and DCE is working
A and b were preserved thanks to the if condition. All green!!!

