This is the block we want to see! A has value 3!
A and b still have the right values. All green!!!
