init global 0 0
-9 + 70 = 61
74 - 80 = -6
70 * 80 = 5600
80 / 6 = 13...2
(-9-70)*(80mod 6)+(80/6)=-145
