0 1 2 3 4  a:0, c:5
1 2 3 4 5  a:1, c:5
2 3 4 5 6  a:2, c:5
3 4 5 6 7  a:3, c:5
4 5 6 7 8  a:4, c:5
5 6 7 8 9  a:5, c:5
6 7 8 9 10  a:6, c:5
7 8 9 10 11  a:7, c:5
8 9 10 11 12  a:8, c:5
9 10 11 12 13  a:9, c:5