Should see me, I'm right before you should exit for improper array indexing!
