This is a deterministic test for the palindrome 1001 replicated 25 times.
Is this a palindrome? 1
