should call
should call
should call
1
1
0
0
0
1
should call
should call
should call
should call
1
