Naive: There are 19 integers. We used 38 compares.
Improved: There are 19 integers. We used 25 compares.
