There are 4862 ways to balance 9 sets of parentheses
