1 1 2 2
10 1 2 -11 1 2 3 4
hello: 1 0 2 2 2 2
12345
hello  hello
