false ? 2 : 3 evaluates to 3
true ? 4 : 5 evaluates to 4
y should have been 6, was 6
