should see me to be 1, was 1
should see me to be 3, was 3
