i=0
i=1
i=3
hi1hi2la3la4
hi1hi2la3la4
hi1hi2la3la4
